// Jest Snapshot v1, https://goo.gl/fbAQLP

exports[`slider test cases should match slider snapshot 1`] = `
<div>
  <div
    style="flex: 1;"
  >
    <div>
      <form
        class="ant-form ant-form-horizontal ant-form-hide-required-mark ant-form-middle"
        id="form"
      >
        <div
          class="sc-AxjAm hGbGhh form-grid-component"
        >
          <div
            class="custom-checkbox"
          >
            <div
              class="ant-row"
            >
              <div
                class="ant-col ant-col-8"
              >
                <div
                  class="ant-form-item-label ant-form-item-label-left"
                >
                  <label
                    class="ant-form-item-no-colon"
                    for="test-slider"
                    title="Slider Test"
                  >
                    Slider Test
                  </label>
                  <span
                    class="req-star ant-form-item-required"
                  />
                </div>
              </div>
              <div
                class="ant-col ant-col-16"
              >
                <div
                  class="ant-row ant-form-item"
                >
                  <div
                    class="ant-col ant-col-20 ant-form-item-control"
                  >
                    <div
                      class="ant-form-item-control-input"
                    >
                      <div
                        class="ant-form-item-control-input-content"
                      >
                        <div
                          class="ant-slider"
                        >
                          <div
                            class="ant-slider-rail"
                          />
                          <div
                            class="ant-slider-track"
                            style="left: 0%; width: 0%;"
                          />
                          <div
                            class="ant-slider-step"
                          />
                          <div
                            aria-disabled="false"
                            aria-valuemax="25"
                            aria-valuemin="0"
                            aria-valuenow="0"
                            class="ant-slider-handle"
                            role="slider"
                            style="left: 0%; transform: translateX(-50%);"
                            tabindex="0"
                          />
                          <div
                            class="ant-slider-mark"
                          />
                        </div>
                      </div>
                    </div>
                  </div>
                </div>
              </div>
            </div>
          </div>
        </div>
      </form>
    </div>
  </div>
</div>
`;
